###############################################################################
#
# IAR ELF Linker V7.70.1.11437/W32 for ARM                05/Sep/2023  09:21:57
# Copyright 2007-2016 IAR Systems AB.
#
#    Output file  =  
#        C:\Users\Administrator\Desktop\总文件夹\IAR\工程模板\FWLIB\Debug\Exe\stm32demo.out
#    Map file     =  
#        C:\Users\Administrator\Desktop\总文件夹\IAR\工程模板\FWLIB\Debug\List\stm32demo.map
#    Command line =  
#        C:\Users\Administrator\Desktop\总文件夹\IAR\工程模板\FWLIB\Debug\Obj\beep.o
#        C:\Users\Administrator\Desktop\总文件夹\IAR\工程模板\FWLIB\Debug\Obj\delay.o
#        C:\Users\Administrator\Desktop\总文件夹\IAR\工程模板\FWLIB\Debug\Obj\led.o
#        C:\Users\Administrator\Desktop\总文件夹\IAR\工程模板\FWLIB\Debug\Obj\main.o
#        C:\Users\Administrator\Desktop\总文件夹\IAR\工程模板\FWLIB\Debug\Obj\misc.o
#        C:\Users\Administrator\Desktop\总文件夹\IAR\工程模板\FWLIB\Debug\Obj\startup_stm32f10x_hd.o
#        C:\Users\Administrator\Desktop\总文件夹\IAR\工程模板\FWLIB\Debug\Obj\stm32f10x_adc.o
#        C:\Users\Administrator\Desktop\总文件夹\IAR\工程模板\FWLIB\Debug\Obj\stm32f10x_bkp.o
#        C:\Users\Administrator\Desktop\总文件夹\IAR\工程模板\FWLIB\Debug\Obj\stm32f10x_can.o
#        C:\Users\Administrator\Desktop\总文件夹\IAR\工程模板\FWLIB\Debug\Obj\stm32f10x_cec.o
#        C:\Users\Administrator\Desktop\总文件夹\IAR\工程模板\FWLIB\Debug\Obj\stm32f10x_crc.o
#        C:\Users\Administrator\Desktop\总文件夹\IAR\工程模板\FWLIB\Debug\Obj\stm32f10x_dac.o
#        C:\Users\Administrator\Desktop\总文件夹\IAR\工程模板\FWLIB\Debug\Obj\stm32f10x_dbgmcu.o
#        C:\Users\Administrator\Desktop\总文件夹\IAR\工程模板\FWLIB\Debug\Obj\stm32f10x_dma.o
#        C:\Users\Administrator\Desktop\总文件夹\IAR\工程模板\FWLIB\Debug\Obj\stm32f10x_exti.o
#        C:\Users\Administrator\Desktop\总文件夹\IAR\工程模板\FWLIB\Debug\Obj\stm32f10x_flash.o
#        C:\Users\Administrator\Desktop\总文件夹\IAR\工程模板\FWLIB\Debug\Obj\stm32f10x_fsmc.o
#        C:\Users\Administrator\Desktop\总文件夹\IAR\工程模板\FWLIB\Debug\Obj\stm32f10x_gpio.o
#        C:\Users\Administrator\Desktop\总文件夹\IAR\工程模板\FWLIB\Debug\Obj\stm32f10x_i2c.o
#        C:\Users\Administrator\Desktop\总文件夹\IAR\工程模板\FWLIB\Debug\Obj\stm32f10x_it.o
#        C:\Users\Administrator\Desktop\总文件夹\IAR\工程模板\FWLIB\Debug\Obj\stm32f10x_iwdg.o
#        C:\Users\Administrator\Desktop\总文件夹\IAR\工程模板\FWLIB\Debug\Obj\stm32f10x_pwr.o
#        C:\Users\Administrator\Desktop\总文件夹\IAR\工程模板\FWLIB\Debug\Obj\stm32f10x_rcc.o
#        C:\Users\Administrator\Desktop\总文件夹\IAR\工程模板\FWLIB\Debug\Obj\stm32f10x_rtc.o
#        C:\Users\Administrator\Desktop\总文件夹\IAR\工程模板\FWLIB\Debug\Obj\stm32f10x_sdio.o
#        C:\Users\Administrator\Desktop\总文件夹\IAR\工程模板\FWLIB\Debug\Obj\stm32f10x_spi.o
#        C:\Users\Administrator\Desktop\总文件夹\IAR\工程模板\FWLIB\Debug\Obj\stm32f10x_tim.o
#        C:\Users\Administrator\Desktop\总文件夹\IAR\工程模板\FWLIB\Debug\Obj\stm32f10x_usart.o
#        C:\Users\Administrator\Desktop\总文件夹\IAR\工程模板\FWLIB\Debug\Obj\stm32f10x_wwdg.o
#        C:\Users\Administrator\Desktop\总文件夹\IAR\工程模板\FWLIB\Debug\Obj\system_stm32f10x.o
#        -o
#        C:\Users\Administrator\Desktop\总文件夹\IAR\工程模板\FWLIB\Debug\Exe\stm32demo.out
#        --map
#        C:\Users\Administrator\Desktop\总文件夹\IAR\工程模板\FWLIB\Debug\List\stm32demo.map
#        --config E:\IAR\IAR-STM32\Config\stm32f10x_flash.icf --semihosting
#        --entry __iar_program_start --vfe
#
###############################################################################

*******************************************************************************
*** RUNTIME MODEL ATTRIBUTES
***

CppFlavor       = *
__SystemLibrary = DLib


*******************************************************************************
*** PLACEMENT SUMMARY
***

"A0":  place at 0x08000000 { ro section .intvec };
"P1":  place in [from 0x08000000 to 0x080fffff] { ro };
"P2":  place in [from 0x20000000 to 0x20017fff] { rw, block CSTACK, block HEAP };
initialize by copy { rw };

  Section            Kind        Address   Size  Object
  -------            ----        -------   ----  ------
"A0":                                     0x130
  .intvec            ro code  0x08000000  0x130  startup_stm32f10x_hd.o [1]
                            - 0x08000130  0x130

"P1":                                     0x81c
  .text              ro code  0x08000130  0x1a2  stm32f10x_usart.o [1]
  .text              ro code  0x080002d4   0xf4  stm32f10x_rcc.o [1]
  .text              ro code  0x080003c8  0x158  system_stm32f10x.o [1]
  .text              ro code  0x08000520   0xec  main.o [1]
  .text              ro code  0x0800060c   0xc0  stm32f10x_gpio.o [1]
  .text              ro code  0x080006cc   0x7c  misc.o [1]
  .text              ro code  0x08000748   0x2c  copy_init3.o [4]
  .text              ro code  0x08000774   0x28  data_init.o [4]
  .iar.init_table    const    0x0800079c   0x14  - Linker created -
  .text              ro code  0x080007b0   0x1a  cmain.o [4]
  .text              ro code  0x080007ca    0x4  low_level_init.o [3]
  .text              ro code  0x080007ce    0x4  exit.o [3]
  .text              ro code  0x080007d4    0xa  cexit.o [4]
  .text              ro code  0x080007e0   0x14  exit.o [5]
  Initializer bytes  const    0x080007f4   0x14  <for P2-1>
  .text              ro code  0x08000808   0x12  stm32f10x_it.o [1]
  .text              ro code  0x0800081c   0x10  startup_stm32f10x_hd.o [1]
  .text              ro code  0x0800082c    0xc  cstartup_M.o [4]
  .text              ro code  0x08000838    0x4  startup_stm32f10x_hd.o [1]
  .text              ro code  0x0800083c    0x4  startup_stm32f10x_hd.o [1]
  .text              ro code  0x08000840    0x4  startup_stm32f10x_hd.o [1]
  .text              ro code  0x08000844    0x4  startup_stm32f10x_hd.o [1]
  .text              ro code  0x08000848    0x4  startup_stm32f10x_hd.o [1]
  .text              ro code  0x0800084c    0x4  startup_stm32f10x_hd.o [1]
  .text              ro code  0x08000850    0x4  startup_stm32f10x_hd.o [1]
  .text              ro code  0x08000854    0x4  startup_stm32f10x_hd.o [1]
  .text              ro code  0x08000858    0x4  startup_stm32f10x_hd.o [1]
  .text              ro code  0x0800085c    0x4  startup_stm32f10x_hd.o [1]
  .text              ro code  0x08000860    0x4  startup_stm32f10x_hd.o [1]
  .text              ro code  0x08000864    0x4  startup_stm32f10x_hd.o [1]
  .text              ro code  0x08000868    0x4  startup_stm32f10x_hd.o [1]
  .text              ro code  0x0800086c    0x4  startup_stm32f10x_hd.o [1]
  .text              ro code  0x08000870    0x4  startup_stm32f10x_hd.o [1]
  .text              ro code  0x08000874    0x4  startup_stm32f10x_hd.o [1]
  .text              ro code  0x08000878    0x4  startup_stm32f10x_hd.o [1]
  .text              ro code  0x0800087c    0x4  startup_stm32f10x_hd.o [1]
  .text              ro code  0x08000880    0x4  startup_stm32f10x_hd.o [1]
  .text              ro code  0x08000884    0x4  startup_stm32f10x_hd.o [1]
  .text              ro code  0x08000888    0x4  startup_stm32f10x_hd.o [1]
  .text              ro code  0x0800088c    0x4  startup_stm32f10x_hd.o [1]
  .text              ro code  0x08000890    0x4  startup_stm32f10x_hd.o [1]
  .text              ro code  0x08000894    0x4  startup_stm32f10x_hd.o [1]
  .text              ro code  0x08000898    0x4  startup_stm32f10x_hd.o [1]
  .text              ro code  0x0800089c    0x4  startup_stm32f10x_hd.o [1]
  .text              ro code  0x080008a0    0x4  startup_stm32f10x_hd.o [1]
  .text              ro code  0x080008a4    0x4  startup_stm32f10x_hd.o [1]
  .text              ro code  0x080008a8    0x4  startup_stm32f10x_hd.o [1]
  .text              ro code  0x080008ac    0x4  startup_stm32f10x_hd.o [1]
  .text              ro code  0x080008b0    0x4  startup_stm32f10x_hd.o [1]
  .text              ro code  0x080008b4    0x4  startup_stm32f10x_hd.o [1]
  .text              ro code  0x080008b8    0x4  startup_stm32f10x_hd.o [1]
  .text              ro code  0x080008bc    0x4  startup_stm32f10x_hd.o [1]
  .text              ro code  0x080008c0    0x4  startup_stm32f10x_hd.o [1]
  .text              ro code  0x080008c4    0x4  startup_stm32f10x_hd.o [1]
  .text              ro code  0x080008c8    0x4  startup_stm32f10x_hd.o [1]
  .text              ro code  0x080008cc    0x4  startup_stm32f10x_hd.o [1]
  .text              ro code  0x080008d0    0x4  startup_stm32f10x_hd.o [1]
  .text              ro code  0x080008d4    0x4  startup_stm32f10x_hd.o [1]
  .text              ro code  0x080008d8    0x4  startup_stm32f10x_hd.o [1]
  .text              ro code  0x080008dc    0x4  startup_stm32f10x_hd.o [1]
  .text              ro code  0x080008e0    0x4  startup_stm32f10x_hd.o [1]
  .text              ro code  0x080008e4    0x4  startup_stm32f10x_hd.o [1]
  .text              ro code  0x080008e8    0x4  startup_stm32f10x_hd.o [1]
  .text              ro code  0x080008ec    0x4  startup_stm32f10x_hd.o [1]
  .text              ro code  0x080008f0    0x4  startup_stm32f10x_hd.o [1]
  .text              ro code  0x080008f4    0x4  startup_stm32f10x_hd.o [1]
  .text              ro code  0x080008f8    0x4  startup_stm32f10x_hd.o [1]
  .text              ro code  0x080008fc    0x4  startup_stm32f10x_hd.o [1]
  .text              ro code  0x08000900    0x4  startup_stm32f10x_hd.o [1]
  .text              ro code  0x08000904    0x4  startup_stm32f10x_hd.o [1]
  .text              ro code  0x08000908    0x4  startup_stm32f10x_hd.o [1]
  .text              ro code  0x0800090c    0x4  startup_stm32f10x_hd.o [1]
  .text              ro code  0x08000910    0x4  startup_stm32f10x_hd.o [1]
  .text              ro code  0x08000914    0x4  startup_stm32f10x_hd.o [1]
  .text              ro code  0x08000918    0x4  startup_stm32f10x_hd.o [1]
  .text              ro code  0x0800091c    0x4  startup_stm32f10x_hd.o [1]
  .text              ro code  0x08000920    0x4  startup_stm32f10x_hd.o [1]
  .text              ro code  0x08000924    0x4  startup_stm32f10x_hd.o [1]
  .text              ro code  0x08000928    0x4  startup_stm32f10x_hd.o [1]
  .text              ro code  0x0800092c    0x4  startup_stm32f10x_hd.o [1]
  .text              ro code  0x08000930    0x4  startup_stm32f10x_hd.o [1]
  .text              ro code  0x08000934    0x4  startup_stm32f10x_hd.o [1]
  .text              ro code  0x08000938    0x4  startup_stm32f10x_hd.o [1]
  .text              ro code  0x0800093c    0x4  startup_stm32f10x_hd.o [1]
  .text              ro code  0x08000940    0x4  startup_stm32f10x_hd.o [1]
  .text              ro code  0x08000944    0x4  startup_stm32f10x_hd.o [1]
  .text              ro code  0x08000948    0x4  startup_stm32f10x_hd.o [1]
  .rodata            const    0x0800094c    0x0  copy_init3.o [4]
                            - 0x0800094c  0x81c

"P2", part 1 of 2:                         0x14
  P2-1                        0x20000000   0x14  <Init block>
    .data            inited   0x20000000   0x10  stm32f10x_rcc.o [1]
    .data            inited   0x20000010    0x4  stm32f10x_rcc.o [1]
                            - 0x20000014   0x14

"P2", part 2 of 2:                        0x400
  CSTACK                      0x20000018  0x400  <Block>
    CSTACK           uninit   0x20000018  0x400  <Block tail>
                            - 0x20000418  0x400


*******************************************************************************
*** INIT TABLE
***

          Address     Size
          -------     ----
Copy (__iar_copy_init3)
    1 source range, total size 0x14:
          0x080007f4  0x14
    1 destination range, total size 0x14:
          0x20000000  0x14



*******************************************************************************
*** MODULE SUMMARY
***

    Module                  ro code  ro data  rw data
    ------                  -------  -------  -------
C:\Users\Administrator\Desktop\总文件夹\IAR\工程模板\FWLIB\Debug\Obj: [1]
    main.o                      236
    misc.o                      124
    startup_stm32f10x_hd.o      596
    stm32f10x_gpio.o            192
    stm32f10x_it.o               18
    stm32f10x_rcc.o             244       20       20
    stm32f10x_usart.o           418
    system_stm32f10x.o          344
    -------------------------------------------------
    Total:                    2 172       20       20

command line: [2]
    -------------------------------------------------
    Total:

dl7M_tln.a: [3]
    exit.o                        4
    low_level_init.o              4
    -------------------------------------------------
    Total:                        8

rt7M_tl.a: [4]
    cexit.o                      10
    cmain.o                      26
    copy_init3.o                 44
    cstartup_M.o                 12
    data_init.o                  40
    -------------------------------------------------
    Total:                      132

shb_l.a: [5]
    exit.o                       20
    -------------------------------------------------
    Total:                       20

    Gaps                          8
    Linker created                        20    1 024
-----------------------------------------------------
    Grand Total:              2 340       40    1 044


*******************************************************************************
*** ENTRY LIST
***

Entry                      Address  Size  Type      Object
-----                      -------  ----  ----      ------
.iar.init_table$$Base   0x0800079c         --   Gb  - Linker created -
.iar.init_table$$Limit  0x080007b0         --   Gb  - Linker created -
?main                   0x080007b1        Code  Gb  cmain.o [4]
ADCPrescTable           0x20000010   0x4  Data  Lc  stm32f10x_rcc.o [1]
APBAHBPrescTable        0x20000000  0x10  Data  Lc  stm32f10x_rcc.o [1]
BusFault_Handler        0x0800080f   0x2  Code  Gb  stm32f10x_it.o [1]
CSTACK$$Base            0x20000018         --   Gb  - Linker created -
CSTACK$$Limit           0x20000418         --   Gb  - Linker created -
DebugMon_Handler        0x08000815   0x2  Code  Gb  stm32f10x_it.o [1]
GPIO_Init               0x0800060d  0xc0  Code  Gb  stm32f10x_gpio.o [1]
HardFault_Handler       0x0800080b   0x2  Code  Gb  stm32f10x_it.o [1]
MemManage_Handler       0x0800080d   0x2  Code  Gb  stm32f10x_it.o [1]
My_USART1_Init          0x08000521  0xb0  Code  Gb  main.o [1]
NMI_Handler             0x08000809   0x2  Code  Gb  stm32f10x_it.o [1]
NVIC_Init               0x080006d7  0x5e  Code  Gb  misc.o [1]
NVIC_PriorityGroupConfig
                        0x080006cd   0xa  Code  Gb  misc.o [1]
PendSV_Handler          0x08000817   0x2  Code  Gb  stm32f10x_it.o [1]
RCC_APB2PeriphClockCmd  0x0800038f  0x20  Code  Gb  stm32f10x_rcc.o [1]
RCC_GetClocksFreq       0x080002d5  0xba  Code  Gb  stm32f10x_rcc.o [1]
Region$$Table$$Base     0x0800079c         --   Gb  - Linker created -
Region$$Table$$Limit    0x080007b0         --   Gb  - Linker created -
SVC_Handler             0x08000813   0x2  Code  Gb  stm32f10x_it.o [1]
SetSysClock             0x0800041d   0x8  Code  Lc  system_stm32f10x.o [1]
SetSysClockTo72         0x08000425  0xe0  Code  Lc  system_stm32f10x.o [1]
SysTick_Handler         0x08000819   0x2  Code  Gb  stm32f10x_it.o [1]
SystemInit              0x080003c9  0x54  Code  Gb  system_stm32f10x.o [1]
USART1_IRQHandler       0x080005d1  0x24  Code  Gb  main.o [1]
USART_Cmd               0x080001f1  0x1c  Code  Gb  stm32f10x_usart.o [1]
USART_GetITStatus       0x0800026f  0x64  Code  Gb  stm32f10x_usart.o [1]
USART_ITConfig          0x0800020d  0x52  Code  Gb  stm32f10x_usart.o [1]
USART_Init              0x08000131  0xba  Code  Gb  stm32f10x_usart.o [1]
USART_ReceiveData       0x08000267   0x8  Code  Gb  stm32f10x_usart.o [1]
USART_SendData          0x0800025f   0x8  Code  Gb  stm32f10x_usart.o [1]
UsageFault_Handler      0x08000811   0x2  Code  Gb  stm32f10x_it.o [1]
__cmain                 0x080007b1        Code  Gb  cmain.o [4]
__exit                  0x080007e1  0x14  Code  Gb  exit.o [5]
__iar_copy_init3        0x08000749  0x2c  Code  Gb  copy_init3.o [4]
__iar_data_init3        0x08000775  0x28  Code  Gb  data_init.o [4]
__iar_program_start     0x0800082d        Code  Gb  cstartup_M.o [4]
__low_level_init        0x080007cb   0x4  Code  Gb  low_level_init.o [3]
__vector_table          0x08000000        Data  Gb  startup_stm32f10x_hd.o [1]
_call_main              0x080007bd        Code  Gb  cmain.o [4]
_exit                   0x080007d5        Code  Gb  cexit.o [4]
_main                   0x080007c7        Code  Gb  cmain.o [4]
exit                    0x080007cf   0x4  Code  Gb  exit.o [3]
main                    0x080005fd  0x10  Code  Gb  main.o [1]


[1] = C:\Users\Administrator\Desktop\总文件夹\IAR\工程模板\FWLIB\Debug\Obj
[2] = command line
[3] = dl7M_tln.a
[4] = rt7M_tl.a
[5] = shb_l.a

  2 340 bytes of readonly  code memory
     40 bytes of readonly  data memory
  1 044 bytes of readwrite data memory

Errors: none
Warnings: none
