###############################################################################
#
# IAR ELF Linker V7.70.1.11437/W32 for ARM                06/Sep/2023  14:08:25
# Copyright 2007-2016 IAR Systems AB.
#
#    Output file  =  
#        C:\Users\Administrator\Desktop\IAR\串口试验\FWLIB\Debug\Exe\stm32demo.out
#    Map file     =  
#        C:\Users\Administrator\Desktop\IAR\串口试验\FWLIB\Debug\List\stm32demo.map
#    Command line =  
#        C:\Users\Administrator\Desktop\IAR\串口试验\FWLIB\Debug\Obj\beep.o
#        C:\Users\Administrator\Desktop\IAR\串口试验\FWLIB\Debug\Obj\delay.o
#        C:\Users\Administrator\Desktop\IAR\串口试验\FWLIB\Debug\Obj\led.o
#        C:\Users\Administrator\Desktop\IAR\串口试验\FWLIB\Debug\Obj\main.o
#        C:\Users\Administrator\Desktop\IAR\串口试验\FWLIB\Debug\Obj\misc.o
#        C:\Users\Administrator\Desktop\IAR\串口试验\FWLIB\Debug\Obj\startup_stm32f10x_hd.o
#        C:\Users\Administrator\Desktop\IAR\串口试验\FWLIB\Debug\Obj\stm32f10x_adc.o
#        C:\Users\Administrator\Desktop\IAR\串口试验\FWLIB\Debug\Obj\stm32f10x_bkp.o
#        C:\Users\Administrator\Desktop\IAR\串口试验\FWLIB\Debug\Obj\stm32f10x_can.o
#        C:\Users\Administrator\Desktop\IAR\串口试验\FWLIB\Debug\Obj\stm32f10x_cec.o
#        C:\Users\Administrator\Desktop\IAR\串口试验\FWLIB\Debug\Obj\stm32f10x_crc.o
#        C:\Users\Administrator\Desktop\IAR\串口试验\FWLIB\Debug\Obj\stm32f10x_dac.o
#        C:\Users\Administrator\Desktop\IAR\串口试验\FWLIB\Debug\Obj\stm32f10x_dbgmcu.o
#        C:\Users\Administrator\Desktop\IAR\串口试验\FWLIB\Debug\Obj\stm32f10x_dma.o
#        C:\Users\Administrator\Desktop\IAR\串口试验\FWLIB\Debug\Obj\stm32f10x_exti.o
#        C:\Users\Administrator\Desktop\IAR\串口试验\FWLIB\Debug\Obj\stm32f10x_flash.o
#        C:\Users\Administrator\Desktop\IAR\串口试验\FWLIB\Debug\Obj\stm32f10x_fsmc.o
#        C:\Users\Administrator\Desktop\IAR\串口试验\FWLIB\Debug\Obj\stm32f10x_gpio.o
#        C:\Users\Administrator\Desktop\IAR\串口试验\FWLIB\Debug\Obj\stm32f10x_i2c.o
#        C:\Users\Administrator\Desktop\IAR\串口试验\FWLIB\Debug\Obj\stm32f10x_it.o
#        C:\Users\Administrator\Desktop\IAR\串口试验\FWLIB\Debug\Obj\stm32f10x_iwdg.o
#        C:\Users\Administrator\Desktop\IAR\串口试验\FWLIB\Debug\Obj\stm32f10x_pwr.o
#        C:\Users\Administrator\Desktop\IAR\串口试验\FWLIB\Debug\Obj\stm32f10x_rcc.o
#        C:\Users\Administrator\Desktop\IAR\串口试验\FWLIB\Debug\Obj\stm32f10x_rtc.o
#        C:\Users\Administrator\Desktop\IAR\串口试验\FWLIB\Debug\Obj\stm32f10x_sdio.o
#        C:\Users\Administrator\Desktop\IAR\串口试验\FWLIB\Debug\Obj\stm32f10x_spi.o
#        C:\Users\Administrator\Desktop\IAR\串口试验\FWLIB\Debug\Obj\stm32f10x_tim.o
#        C:\Users\Administrator\Desktop\IAR\串口试验\FWLIB\Debug\Obj\stm32f10x_usart.o
#        C:\Users\Administrator\Desktop\IAR\串口试验\FWLIB\Debug\Obj\stm32f10x_wwdg.o
#        C:\Users\Administrator\Desktop\IAR\串口试验\FWLIB\Debug\Obj\system_stm32f10x.o
#        -o
#        C:\Users\Administrator\Desktop\IAR\串口试验\FWLIB\Debug\Exe\stm32demo.out
#        --map
#        C:\Users\Administrator\Desktop\IAR\串口试验\FWLIB\Debug\List\stm32demo.map
#        --config E:\IAR\IAR-STM32\Config\stm32f10x_flash.icf --semihosting
#        --entry __iar_program_start --vfe
#
###############################################################################

*******************************************************************************
*** RUNTIME MODEL ATTRIBUTES
***

CppFlavor       = *
__SystemLibrary = DLib


*******************************************************************************
*** PLACEMENT SUMMARY
***

"A0":  place at 0x08000000 { ro section .intvec };
"P1":  place in [from 0x08000000 to 0x080fffff] { ro };
"P2":  place in [from 0x20000000 to 0x20017fff] { rw, block CSTACK, block HEAP };
initialize by copy { rw };

  Section            Kind        Address   Size  Object
  -------            ----        -------   ----  ------
"A0":                                     0x130
  .intvec            ro code  0x08000000  0x130  startup_stm32f10x_hd.o [1]
                            - 0x08000130  0x130

"P1":                                     0x954
  .text              ro code  0x08000130  0x1a2  stm32f10x_usart.o [1]
  .text              ro code  0x080002d4   0xf4  stm32f10x_rcc.o [1]
  .text              ro code  0x080003c8  0x158  system_stm32f10x.o [1]
  .text              ro code  0x08000520  0x120  main.o [1]
  .text              ro code  0x08000640   0xc6  stm32f10x_gpio.o [1]
  .text              ro code  0x08000708   0xa0  misc.o [1]
  .text              ro code  0x080007a8   0x4c  led.o [1]
  .text              ro code  0x080007f4   0x84  delay.o [1]
  .text              ro code  0x08000878   0x2c  copy_init3.o [4]
  .text              ro code  0x080008a4   0x28  data_init.o [4]
  .iar.init_table    const    0x080008cc   0x14  - Linker created -
  Initializer bytes  const    0x080008e0   0x1c  <for P2-1>
  .text              ro code  0x080008fc   0x1a  cmain.o [4]
  .text              ro code  0x08000916    0x4  low_level_init.o [3]
  .text              ro code  0x0800091a    0x4  exit.o [3]
  .text              ro code  0x08000920    0xa  cexit.o [4]
  .text              ro code  0x0800092c   0x14  exit.o [5]
  .text              ro code  0x08000940   0x12  stm32f10x_it.o [1]
  .text              ro code  0x08000954   0x10  startup_stm32f10x_hd.o [1]
  .text              ro code  0x08000964    0xc  cstartup_M.o [4]
  .text              ro code  0x08000970    0x4  startup_stm32f10x_hd.o [1]
  .text              ro code  0x08000974    0x4  startup_stm32f10x_hd.o [1]
  .text              ro code  0x08000978    0x4  startup_stm32f10x_hd.o [1]
  .text              ro code  0x0800097c    0x4  startup_stm32f10x_hd.o [1]
  .text              ro code  0x08000980    0x4  startup_stm32f10x_hd.o [1]
  .text              ro code  0x08000984    0x4  startup_stm32f10x_hd.o [1]
  .text              ro code  0x08000988    0x4  startup_stm32f10x_hd.o [1]
  .text              ro code  0x0800098c    0x4  startup_stm32f10x_hd.o [1]
  .text              ro code  0x08000990    0x4  startup_stm32f10x_hd.o [1]
  .text              ro code  0x08000994    0x4  startup_stm32f10x_hd.o [1]
  .text              ro code  0x08000998    0x4  startup_stm32f10x_hd.o [1]
  .text              ro code  0x0800099c    0x4  startup_stm32f10x_hd.o [1]
  .text              ro code  0x080009a0    0x4  startup_stm32f10x_hd.o [1]
  .text              ro code  0x080009a4    0x4  startup_stm32f10x_hd.o [1]
  .text              ro code  0x080009a8    0x4  startup_stm32f10x_hd.o [1]
  .text              ro code  0x080009ac    0x4  startup_stm32f10x_hd.o [1]
  .text              ro code  0x080009b0    0x4  startup_stm32f10x_hd.o [1]
  .text              ro code  0x080009b4    0x4  startup_stm32f10x_hd.o [1]
  .text              ro code  0x080009b8    0x4  startup_stm32f10x_hd.o [1]
  .text              ro code  0x080009bc    0x4  startup_stm32f10x_hd.o [1]
  .text              ro code  0x080009c0    0x4  startup_stm32f10x_hd.o [1]
  .text              ro code  0x080009c4    0x4  startup_stm32f10x_hd.o [1]
  .text              ro code  0x080009c8    0x4  startup_stm32f10x_hd.o [1]
  .text              ro code  0x080009cc    0x4  startup_stm32f10x_hd.o [1]
  .text              ro code  0x080009d0    0x4  startup_stm32f10x_hd.o [1]
  .text              ro code  0x080009d4    0x4  startup_stm32f10x_hd.o [1]
  .text              ro code  0x080009d8    0x4  startup_stm32f10x_hd.o [1]
  .text              ro code  0x080009dc    0x4  startup_stm32f10x_hd.o [1]
  .text              ro code  0x080009e0    0x4  startup_stm32f10x_hd.o [1]
  .text              ro code  0x080009e4    0x4  startup_stm32f10x_hd.o [1]
  .text              ro code  0x080009e8    0x4  startup_stm32f10x_hd.o [1]
  .text              ro code  0x080009ec    0x4  startup_stm32f10x_hd.o [1]
  .text              ro code  0x080009f0    0x4  startup_stm32f10x_hd.o [1]
  .text              ro code  0x080009f4    0x4  startup_stm32f10x_hd.o [1]
  .text              ro code  0x080009f8    0x4  startup_stm32f10x_hd.o [1]
  .text              ro code  0x080009fc    0x4  startup_stm32f10x_hd.o [1]
  .text              ro code  0x08000a00    0x4  startup_stm32f10x_hd.o [1]
  .text              ro code  0x08000a04    0x4  startup_stm32f10x_hd.o [1]
  .text              ro code  0x08000a08    0x4  startup_stm32f10x_hd.o [1]
  .text              ro code  0x08000a0c    0x4  startup_stm32f10x_hd.o [1]
  .text              ro code  0x08000a10    0x4  startup_stm32f10x_hd.o [1]
  .text              ro code  0x08000a14    0x4  startup_stm32f10x_hd.o [1]
  .text              ro code  0x08000a18    0x4  startup_stm32f10x_hd.o [1]
  .text              ro code  0x08000a1c    0x4  startup_stm32f10x_hd.o [1]
  .text              ro code  0x08000a20    0x4  startup_stm32f10x_hd.o [1]
  .text              ro code  0x08000a24    0x4  startup_stm32f10x_hd.o [1]
  .text              ro code  0x08000a28    0x4  startup_stm32f10x_hd.o [1]
  .text              ro code  0x08000a2c    0x4  startup_stm32f10x_hd.o [1]
  .text              ro code  0x08000a30    0x4  startup_stm32f10x_hd.o [1]
  .text              ro code  0x08000a34    0x4  startup_stm32f10x_hd.o [1]
  .text              ro code  0x08000a38    0x4  startup_stm32f10x_hd.o [1]
  .text              ro code  0x08000a3c    0x4  startup_stm32f10x_hd.o [1]
  .text              ro code  0x08000a40    0x4  startup_stm32f10x_hd.o [1]
  .text              ro code  0x08000a44    0x4  startup_stm32f10x_hd.o [1]
  .text              ro code  0x08000a48    0x4  startup_stm32f10x_hd.o [1]
  .text              ro code  0x08000a4c    0x4  startup_stm32f10x_hd.o [1]
  .text              ro code  0x08000a50    0x4  startup_stm32f10x_hd.o [1]
  .text              ro code  0x08000a54    0x4  startup_stm32f10x_hd.o [1]
  .text              ro code  0x08000a58    0x4  startup_stm32f10x_hd.o [1]
  .text              ro code  0x08000a5c    0x4  startup_stm32f10x_hd.o [1]
  .text              ro code  0x08000a60    0x4  startup_stm32f10x_hd.o [1]
  .text              ro code  0x08000a64    0x4  startup_stm32f10x_hd.o [1]
  .text              ro code  0x08000a68    0x4  startup_stm32f10x_hd.o [1]
  .text              ro code  0x08000a6c    0x4  startup_stm32f10x_hd.o [1]
  .text              ro code  0x08000a70    0x4  startup_stm32f10x_hd.o [1]
  .text              ro code  0x08000a74    0x4  startup_stm32f10x_hd.o [1]
  .text              ro code  0x08000a78    0x4  startup_stm32f10x_hd.o [1]
  .text              ro code  0x08000a7c    0x4  startup_stm32f10x_hd.o [1]
  .text              ro code  0x08000a80    0x4  startup_stm32f10x_hd.o [1]
  .rodata            const    0x08000a84    0x0  copy_init3.o [4]
                            - 0x08000a84  0x954

"P2", part 1 of 2:                         0x1c
  P2-1                        0x20000000   0x1b  <Init block>
    .data            inited   0x20000000   0x10  stm32f10x_rcc.o [1]
    .data            inited   0x20000010    0x4  stm32f10x_rcc.o [1]
    .data            inited   0x20000014    0x4  system_stm32f10x.o [1]
    .bss             inited   0x20000018    0x2  delay.o [1]
    .bss             inited   0x2000001a    0x1  delay.o [1]
                            - 0x2000001b   0x1b

"P2", part 2 of 2:                        0x400
  CSTACK                      0x20000020  0x400  <Block>
    CSTACK           uninit   0x20000020  0x400  <Block tail>
                            - 0x20000420  0x400


*******************************************************************************
*** INIT TABLE
***

          Address     Size
          -------     ----
Copy (__iar_copy_init3)
    1 source range, total size 0x1c (103% of destination):
          0x080008e0  0x1c
    1 destination range, total size 0x1b:
          0x20000000  0x1b



*******************************************************************************
*** MODULE SUMMARY
***

    Module                  ro code  ro data  rw data
    ------                  -------  -------  -------
C:\Users\Administrator\Desktop\IAR\串口试验\FWLIB\Debug\Obj: [1]
    delay.o                     132        3        3
    led.o                        76
    main.o                      288
    misc.o                      160
    startup_stm32f10x_hd.o      596
    stm32f10x_gpio.o            198
    stm32f10x_it.o               18
    stm32f10x_rcc.o             244       20       20
    stm32f10x_usart.o           418
    system_stm32f10x.o          344        4        4
    -------------------------------------------------
    Total:                    2 474       27       27

command line: [2]
    -------------------------------------------------
    Total:

dl7M_tln.a: [3]
    exit.o                        4
    low_level_init.o              4
    -------------------------------------------------
    Total:                        8

rt7M_tl.a: [4]
    cexit.o                      10
    cmain.o                      26
    copy_init3.o                 44
    cstartup_M.o                 12
    data_init.o                  40
    -------------------------------------------------
    Total:                      132

shb_l.a: [5]
    exit.o                       20
    -------------------------------------------------
    Total:                       20

    Gaps                         10
    Linker created                        21    1 024
-----------------------------------------------------
    Grand Total:              2 644       48    1 051


*******************************************************************************
*** ENTRY LIST
***

Entry                      Address  Size  Type      Object
-----                      -------  ----  ----      ------
.iar.init_table$$Base   0x080008cc         --   Gb  - Linker created -
.iar.init_table$$Limit  0x080008e0         --   Gb  - Linker created -
?main                   0x080008fd        Code  Gb  cmain.o [4]
ADCPrescTable           0x20000010   0x4  Data  Lc  stm32f10x_rcc.o [1]
APBAHBPrescTable        0x20000000  0x10  Data  Lc  stm32f10x_rcc.o [1]
BusFault_Handler        0x08000947   0x2  Code  Gb  stm32f10x_it.o [1]
CSTACK$$Base            0x20000020         --   Gb  - Linker created -
CSTACK$$Limit           0x20000420         --   Gb  - Linker created -
DebugMon_Handler        0x0800094d   0x2  Code  Gb  stm32f10x_it.o [1]
GPIO_Init               0x08000641  0xc0  Code  Gb  stm32f10x_gpio.o [1]
GPIO_SetBits            0x08000701   0x6  Code  Gb  stm32f10x_gpio.o [1]
HardFault_Handler       0x08000943   0x2  Code  Gb  stm32f10x_it.o [1]
LED_Init                0x080007a9  0x4c  Code  Gb  led.o [1]
MemManage_Handler       0x08000945   0x2  Code  Gb  stm32f10x_it.o [1]
My_USART1_Init          0x08000521  0xb0  Code  Gb  main.o [1]
NMI_Handler             0x08000941   0x2  Code  Gb  stm32f10x_it.o [1]
NVIC_Init               0x08000713  0x5e  Code  Gb  misc.o [1]
NVIC_PriorityGroupConfig
                        0x08000709   0xa  Code  Gb  misc.o [1]
PendSV_Handler          0x0800094f   0x2  Code  Gb  stm32f10x_it.o [1]
RCC_APB2PeriphClockCmd  0x0800038f  0x20  Code  Gb  stm32f10x_rcc.o [1]
RCC_GetClocksFreq       0x080002d5  0xba  Code  Gb  stm32f10x_rcc.o [1]
Region$$Table$$Base     0x080008cc         --   Gb  - Linker created -
Region$$Table$$Limit    0x080008e0         --   Gb  - Linker created -
SVC_Handler             0x0800094b   0x2  Code  Gb  stm32f10x_it.o [1]
SetSysClock             0x0800041d   0x8  Code  Lc  system_stm32f10x.o [1]
SetSysClockTo72         0x08000425  0xe0  Code  Lc  system_stm32f10x.o [1]
SysTick_CLKSourceConfig
                        0x08000771  0x20  Code  Gb  misc.o [1]
SysTick_Handler         0x08000951   0x2  Code  Gb  stm32f10x_it.o [1]
SystemCoreClock         0x20000014   0x4  Data  Gb  system_stm32f10x.o [1]
SystemInit              0x080003c9  0x54  Code  Gb  system_stm32f10x.o [1]
USART1_IRQHandler       0x080005d1  0x24  Code  Gb  main.o [1]
USART_Cmd               0x080001f1  0x1c  Code  Gb  stm32f10x_usart.o [1]
USART_GetITStatus       0x0800026f  0x64  Code  Gb  stm32f10x_usart.o [1]
USART_ITConfig          0x0800020d  0x52  Code  Gb  stm32f10x_usart.o [1]
USART_Init              0x08000131  0xba  Code  Gb  stm32f10x_usart.o [1]
USART_ReceiveData       0x08000267   0x8  Code  Gb  stm32f10x_usart.o [1]
USART_SendData          0x0800025f   0x8  Code  Gb  stm32f10x_usart.o [1]
UsageFault_Handler      0x08000949   0x2  Code  Gb  stm32f10x_it.o [1]
__cmain                 0x080008fd        Code  Gb  cmain.o [4]
__exit                  0x0800092d  0x14  Code  Gb  exit.o [5]
__iar_copy_init3        0x08000879  0x2c  Code  Gb  copy_init3.o [4]
__iar_data_init3        0x080008a5  0x28  Code  Gb  data_init.o [4]
__iar_program_start     0x08000965        Code  Gb  cstartup_M.o [4]
__low_level_init        0x08000917   0x4  Code  Gb  low_level_init.o [3]
__vector_table          0x08000000        Data  Gb  startup_stm32f10x_hd.o [1]
_call_main              0x08000909        Code  Gb  cmain.o [4]
_exit                   0x08000921        Code  Gb  cexit.o [4]
_main                   0x08000913        Code  Gb  cmain.o [4]
delay_init              0x080007f5  0x28  Code  Gb  delay.o [1]
delay_ms                0x0800081d  0x3e  Code  Gb  delay.o [1]
exit                    0x0800091b   0x4  Code  Gb  exit.o [3]
fac_ms                  0x20000018   0x2  Data  Lc  delay.o [1]
fac_us                  0x2000001a   0x1  Data  Lc  delay.o [1]
main                    0x080005f5  0x3e  Code  Gb  main.o [1]


[1] = C:\Users\Administrator\Desktop\IAR\串口试验\FWLIB\Debug\Obj
[2] = command line
[3] = dl7M_tln.a
[4] = rt7M_tl.a
[5] = shb_l.a

  2 644 bytes of readonly  code memory
     48 bytes of readonly  data memory
  1 051 bytes of readwrite data memory

Errors: none
Warnings: none
