<html>
<body>
<pre>
<h1>礦ision Build Log</h1>
<h2>Tool Versions:</h2>
IDE-Version: μVision V5.14.0.0
Copyright (C) 2015 ARM Ltd and ARM Germany GmbH. All rights reserved.
License Information: 1 1, 1, LIC=LSNXV-P1PSY-9UM4U-SXH4S-TI5FU-4U54P
 
Tool Versions:
Toolchain:       MDK-ARM Standard  Version: 5.14.0.0
Toolchain Path:  F:\ARM\ARMCC\Bin
C Compiler:      Armcc.exe V5.05 update 1 (build 106)
Assembler:       Armasm.exe V5.05 update 1 (build 106)
Linker/Locator:  ArmLink.exe V5.05 update 1 (build 106)
Library Manager: ArmAr.exe V5.05 update 1 (build 106)
Hex Converter:   FromElf.exe V5.05 update 1 (build 106)
CPU DLL:         SARMCM3.DLL V5.14.0.0
Dialog DLL:      DARMSTM.DLL V1.65.0.0
Target DLL:      STLink\ST-LINKIII-KEIL_SWO.dll V2.0.14.0_KEIL
Dialog DLL:      TARMSTM.DLL V1.64.0.0
 
<h2>Project:</h2>
C:\Users\Administrator\Desktop\stm32\485实验（自测用）\USER\RS485.uvprojx
Project File Date:  08/23/2023

<h2>Output:</h2>
Build target 'RS485'
compiling main.c...
main.c(22): warning:  #223-D: function "Send_Data" declared implicitly
                Send_Data();//发送5个字节
main.c(23): warning:  #223-D: function "Receive_Data" declared implicitly
                Receive_Data();
main.c: 2 warnings, 0 errors
linking...
Program Size: Code=4800 RO-data=336 RW-data=56 ZI-data=1896  
FromELF: creating hex file...
"..\OBJ\RS485.axf" - 0 Error(s), 2 Warning(s).

<h2>Collection of Component include folders:</h2>
  C:\Users\Administrator\Desktop\stm32\485实验（自测用）\USER\RTE
  F:\ARM\PACK\Keil\STM32F1xx_DFP\2.2.0

<h2>Collection of Component Files used:</h2>
</pre>
</body>
</html>
