###############################################################################
#
# IAR ELF Linker V7.70.1.11437/W32 for ARM                01/Sep/2023  13:30:41
# Copyright 2007-2016 IAR Systems AB.
#
#    Output file  =  
#        C:\Users\Administrator\Desktop\IAR\IAR-STM32\FWLIB\Debug\Exe\stm32demo.out
#    Map file     =  
#        C:\Users\Administrator\Desktop\IAR\IAR-STM32\FWLIB\Debug\List\stm32demo.map
#    Command line =  
#        C:\Users\Administrator\Desktop\IAR\IAR-STM32\FWLIB\Debug\Obj\delay.o
#        C:\Users\Administrator\Desktop\IAR\IAR-STM32\FWLIB\Debug\Obj\led.o
#        C:\Users\Administrator\Desktop\IAR\IAR-STM32\FWLIB\Debug\Obj\main.o
#        C:\Users\Administrator\Desktop\IAR\IAR-STM32\FWLIB\Debug\Obj\misc.o
#        C:\Users\Administrator\Desktop\IAR\IAR-STM32\FWLIB\Debug\Obj\startup_stm32f10x_hd.o
#        C:\Users\Administrator\Desktop\IAR\IAR-STM32\FWLIB\Debug\Obj\stm32f10x_adc.o
#        C:\Users\Administrator\Desktop\IAR\IAR-STM32\FWLIB\Debug\Obj\stm32f10x_bkp.o
#        C:\Users\Administrator\Desktop\IAR\IAR-STM32\FWLIB\Debug\Obj\stm32f10x_can.o
#        C:\Users\Administrator\Desktop\IAR\IAR-STM32\FWLIB\Debug\Obj\stm32f10x_cec.o
#        C:\Users\Administrator\Desktop\IAR\IAR-STM32\FWLIB\Debug\Obj\stm32f10x_crc.o
#        C:\Users\Administrator\Desktop\IAR\IAR-STM32\FWLIB\Debug\Obj\stm32f10x_dac.o
#        C:\Users\Administrator\Desktop\IAR\IAR-STM32\FWLIB\Debug\Obj\stm32f10x_dbgmcu.o
#        C:\Users\Administrator\Desktop\IAR\IAR-STM32\FWLIB\Debug\Obj\stm32f10x_dma.o
#        C:\Users\Administrator\Desktop\IAR\IAR-STM32\FWLIB\Debug\Obj\stm32f10x_exti.o
#        C:\Users\Administrator\Desktop\IAR\IAR-STM32\FWLIB\Debug\Obj\stm32f10x_flash.o
#        C:\Users\Administrator\Desktop\IAR\IAR-STM32\FWLIB\Debug\Obj\stm32f10x_fsmc.o
#        C:\Users\Administrator\Desktop\IAR\IAR-STM32\FWLIB\Debug\Obj\stm32f10x_gpio.o
#        C:\Users\Administrator\Desktop\IAR\IAR-STM32\FWLIB\Debug\Obj\stm32f10x_i2c.o
#        C:\Users\Administrator\Desktop\IAR\IAR-STM32\FWLIB\Debug\Obj\stm32f10x_it.o
#        C:\Users\Administrator\Desktop\IAR\IAR-STM32\FWLIB\Debug\Obj\stm32f10x_iwdg.o
#        C:\Users\Administrator\Desktop\IAR\IAR-STM32\FWLIB\Debug\Obj\stm32f10x_pwr.o
#        C:\Users\Administrator\Desktop\IAR\IAR-STM32\FWLIB\Debug\Obj\stm32f10x_rcc.o
#        C:\Users\Administrator\Desktop\IAR\IAR-STM32\FWLIB\Debug\Obj\stm32f10x_rtc.o
#        C:\Users\Administrator\Desktop\IAR\IAR-STM32\FWLIB\Debug\Obj\stm32f10x_sdio.o
#        C:\Users\Administrator\Desktop\IAR\IAR-STM32\FWLIB\Debug\Obj\stm32f10x_spi.o
#        C:\Users\Administrator\Desktop\IAR\IAR-STM32\FWLIB\Debug\Obj\stm32f10x_tim.o
#        C:\Users\Administrator\Desktop\IAR\IAR-STM32\FWLIB\Debug\Obj\stm32f10x_usart.o
#        C:\Users\Administrator\Desktop\IAR\IAR-STM32\FWLIB\Debug\Obj\stm32f10x_wwdg.o
#        C:\Users\Administrator\Desktop\IAR\IAR-STM32\FWLIB\Debug\Obj\system_stm32f10x.o
#        -o
#        C:\Users\Administrator\Desktop\IAR\IAR-STM32\FWLIB\Debug\Exe\stm32demo.out
#        --map
#        C:\Users\Administrator\Desktop\IAR\IAR-STM32\FWLIB\Debug\List\stm32demo.map
#        --config E:\IAR\IAR-STM32\Config\stm32f10x_flash.icf --semihosting
#        --entry __iar_program_start --vfe
#
###############################################################################

*******************************************************************************
*** RUNTIME MODEL ATTRIBUTES
***

CppFlavor       = *
__SystemLibrary = DLib


*******************************************************************************
*** PLACEMENT SUMMARY
***

"A0":  place at 0x08000000 { ro section .intvec };
"P1":  place in [from 0x08000000 to 0x080fffff] { ro };
"P2":  place in [from 0x20000000 to 0x20017fff] { rw, block CSTACK, block HEAP };
initialize by copy { rw };

  Section            Kind        Address   Size  Object
  -------            ----        -------   ----  ------
"A0":                                     0x130
  .intvec            ro code  0x08000000  0x130  startup_stm32f10x_hd.o [1]
                            - 0x08000130  0x130

"P1":                                     0x56c
  .text              ro code  0x08000130  0x158  system_stm32f10x.o [1]
  .text              ro code  0x08000288   0xc6  stm32f10x_gpio.o [1]
  .text              ro code  0x08000350   0x84  delay.o [1]
  .text              ro code  0x080003d4   0x24  misc.o [1]
  .text              ro code  0x080003f8   0x4c  led.o [1]
  .text              ro code  0x08000444   0x24  stm32f10x_rcc.o [1]
  .text              ro code  0x08000468   0x3c  main.o [1]
  .text              ro code  0x080004a4   0x2c  copy_init3.o [4]
  .text              ro code  0x080004d0   0x28  data_init.o [4]
  .iar.init_table    const    0x080004f8   0x14  - Linker created -
  .text              ro code  0x0800050c   0x1a  cmain.o [4]
  .text              ro code  0x08000526    0x4  low_level_init.o [3]
  .text              ro code  0x0800052a    0x4  exit.o [3]
  .text              ro code  0x08000530    0xa  cexit.o [4]
  .text              ro code  0x0800053c   0x14  exit.o [5]
  .text              ro code  0x08000550   0x12  stm32f10x_it.o [1]
  .text              ro code  0x08000564   0x10  startup_stm32f10x_hd.o [1]
  .text              ro code  0x08000574    0xc  cstartup_M.o [4]
  Initializer bytes  const    0x08000580    0x8  <for P2-1>
  .text              ro code  0x08000588    0x4  startup_stm32f10x_hd.o [1]
  .text              ro code  0x0800058c    0x4  startup_stm32f10x_hd.o [1]
  .text              ro code  0x08000590    0x4  startup_stm32f10x_hd.o [1]
  .text              ro code  0x08000594    0x4  startup_stm32f10x_hd.o [1]
  .text              ro code  0x08000598    0x4  startup_stm32f10x_hd.o [1]
  .text              ro code  0x0800059c    0x4  startup_stm32f10x_hd.o [1]
  .text              ro code  0x080005a0    0x4  startup_stm32f10x_hd.o [1]
  .text              ro code  0x080005a4    0x4  startup_stm32f10x_hd.o [1]
  .text              ro code  0x080005a8    0x4  startup_stm32f10x_hd.o [1]
  .text              ro code  0x080005ac    0x4  startup_stm32f10x_hd.o [1]
  .text              ro code  0x080005b0    0x4  startup_stm32f10x_hd.o [1]
  .text              ro code  0x080005b4    0x4  startup_stm32f10x_hd.o [1]
  .text              ro code  0x080005b8    0x4  startup_stm32f10x_hd.o [1]
  .text              ro code  0x080005bc    0x4  startup_stm32f10x_hd.o [1]
  .text              ro code  0x080005c0    0x4  startup_stm32f10x_hd.o [1]
  .text              ro code  0x080005c4    0x4  startup_stm32f10x_hd.o [1]
  .text              ro code  0x080005c8    0x4  startup_stm32f10x_hd.o [1]
  .text              ro code  0x080005cc    0x4  startup_stm32f10x_hd.o [1]
  .text              ro code  0x080005d0    0x4  startup_stm32f10x_hd.o [1]
  .text              ro code  0x080005d4    0x4  startup_stm32f10x_hd.o [1]
  .text              ro code  0x080005d8    0x4  startup_stm32f10x_hd.o [1]
  .text              ro code  0x080005dc    0x4  startup_stm32f10x_hd.o [1]
  .text              ro code  0x080005e0    0x4  startup_stm32f10x_hd.o [1]
  .text              ro code  0x080005e4    0x4  startup_stm32f10x_hd.o [1]
  .text              ro code  0x080005e8    0x4  startup_stm32f10x_hd.o [1]
  .text              ro code  0x080005ec    0x4  startup_stm32f10x_hd.o [1]
  .text              ro code  0x080005f0    0x4  startup_stm32f10x_hd.o [1]
  .text              ro code  0x080005f4    0x4  startup_stm32f10x_hd.o [1]
  .text              ro code  0x080005f8    0x4  startup_stm32f10x_hd.o [1]
  .text              ro code  0x080005fc    0x4  startup_stm32f10x_hd.o [1]
  .text              ro code  0x08000600    0x4  startup_stm32f10x_hd.o [1]
  .text              ro code  0x08000604    0x4  startup_stm32f10x_hd.o [1]
  .text              ro code  0x08000608    0x4  startup_stm32f10x_hd.o [1]
  .text              ro code  0x0800060c    0x4  startup_stm32f10x_hd.o [1]
  .text              ro code  0x08000610    0x4  startup_stm32f10x_hd.o [1]
  .text              ro code  0x08000614    0x4  startup_stm32f10x_hd.o [1]
  .text              ro code  0x08000618    0x4  startup_stm32f10x_hd.o [1]
  .text              ro code  0x0800061c    0x4  startup_stm32f10x_hd.o [1]
  .text              ro code  0x08000620    0x4  startup_stm32f10x_hd.o [1]
  .text              ro code  0x08000624    0x4  startup_stm32f10x_hd.o [1]
  .text              ro code  0x08000628    0x4  startup_stm32f10x_hd.o [1]
  .text              ro code  0x0800062c    0x4  startup_stm32f10x_hd.o [1]
  .text              ro code  0x08000630    0x4  startup_stm32f10x_hd.o [1]
  .text              ro code  0x08000634    0x4  startup_stm32f10x_hd.o [1]
  .text              ro code  0x08000638    0x4  startup_stm32f10x_hd.o [1]
  .text              ro code  0x0800063c    0x4  startup_stm32f10x_hd.o [1]
  .text              ro code  0x08000640    0x4  startup_stm32f10x_hd.o [1]
  .text              ro code  0x08000644    0x4  startup_stm32f10x_hd.o [1]
  .text              ro code  0x08000648    0x4  startup_stm32f10x_hd.o [1]
  .text              ro code  0x0800064c    0x4  startup_stm32f10x_hd.o [1]
  .text              ro code  0x08000650    0x4  startup_stm32f10x_hd.o [1]
  .text              ro code  0x08000654    0x4  startup_stm32f10x_hd.o [1]
  .text              ro code  0x08000658    0x4  startup_stm32f10x_hd.o [1]
  .text              ro code  0x0800065c    0x4  startup_stm32f10x_hd.o [1]
  .text              ro code  0x08000660    0x4  startup_stm32f10x_hd.o [1]
  .text              ro code  0x08000664    0x4  startup_stm32f10x_hd.o [1]
  .text              ro code  0x08000668    0x4  startup_stm32f10x_hd.o [1]
  .text              ro code  0x0800066c    0x4  startup_stm32f10x_hd.o [1]
  .text              ro code  0x08000670    0x4  startup_stm32f10x_hd.o [1]
  .text              ro code  0x08000674    0x4  startup_stm32f10x_hd.o [1]
  .text              ro code  0x08000678    0x4  startup_stm32f10x_hd.o [1]
  .text              ro code  0x0800067c    0x4  startup_stm32f10x_hd.o [1]
  .text              ro code  0x08000680    0x4  startup_stm32f10x_hd.o [1]
  .text              ro code  0x08000684    0x4  startup_stm32f10x_hd.o [1]
  .text              ro code  0x08000688    0x4  startup_stm32f10x_hd.o [1]
  .text              ro code  0x0800068c    0x4  startup_stm32f10x_hd.o [1]
  .text              ro code  0x08000690    0x4  startup_stm32f10x_hd.o [1]
  .text              ro code  0x08000694    0x4  startup_stm32f10x_hd.o [1]
  .text              ro code  0x08000698    0x4  startup_stm32f10x_hd.o [1]
  .rodata            const    0x0800069c    0x0  copy_init3.o [4]
                            - 0x0800069c  0x56c

"P2", part 1 of 2:                          0x8
  P2-1                        0x20000000    0x7  <Init block>
    .data            inited   0x20000000    0x4  system_stm32f10x.o [1]
    .bss             inited   0x20000004    0x2  delay.o [1]
    .bss             inited   0x20000006    0x1  delay.o [1]
                            - 0x20000007    0x7

"P2", part 2 of 2:                        0x400
  CSTACK                      0x20000008  0x400  <Block>
    CSTACK           uninit   0x20000008  0x400  <Block tail>
                            - 0x20000408  0x400


*******************************************************************************
*** INIT TABLE
***

          Address     Size
          -------     ----
Copy (__iar_copy_init3)
    1 source range, total size 0x8 (114% of destination):
          0x08000580   0x8
    1 destination range, total size 0x7:
          0x20000000   0x7



*******************************************************************************
*** MODULE SUMMARY
***

    Module                  ro code  ro data  rw data
    ------                  -------  -------  -------
C:\Users\Administrator\Desktop\IAR\IAR-STM32\FWLIB\Debug\Obj: [1]
    delay.o                     132        3        3
    led.o                        76
    main.o                       60
    misc.o                       36
    startup_stm32f10x_hd.o      596
    stm32f10x_gpio.o            198
    stm32f10x_it.o               18
    stm32f10x_rcc.o              36
    system_stm32f10x.o          344        4        4
    -------------------------------------------------
    Total:                    1 496        7        7

command line: [2]
    -------------------------------------------------
    Total:

dl7M_tln.a: [3]
    exit.o                        4
    low_level_init.o              4
    -------------------------------------------------
    Total:                        8

rt7M_tl.a: [4]
    cexit.o                      10
    cmain.o                      26
    copy_init3.o                 44
    cstartup_M.o                 12
    data_init.o                  40
    -------------------------------------------------
    Total:                      132

shb_l.a: [5]
    exit.o                       20
    -------------------------------------------------
    Total:                       20

    Gaps                          8
    Linker created                        21    1 024
-----------------------------------------------------
    Grand Total:              1 664       28    1 031


*******************************************************************************
*** ENTRY LIST
***

Entry                      Address  Size  Type      Object
-----                      -------  ----  ----      ------
.iar.init_table$$Base   0x080004f8         --   Gb  - Linker created -
.iar.init_table$$Limit  0x0800050c         --   Gb  - Linker created -
?main                   0x0800050d        Code  Gb  cmain.o [4]
BusFault_Handler        0x08000557   0x2  Code  Gb  stm32f10x_it.o [1]
CSTACK$$Base            0x20000008         --   Gb  - Linker created -
CSTACK$$Limit           0x20000408         --   Gb  - Linker created -
DebugMon_Handler        0x0800055d   0x2  Code  Gb  stm32f10x_it.o [1]
GPIO_Init               0x08000289  0xc0  Code  Gb  stm32f10x_gpio.o [1]
GPIO_SetBits            0x08000349   0x6  Code  Gb  stm32f10x_gpio.o [1]
HardFault_Handler       0x08000553   0x2  Code  Gb  stm32f10x_it.o [1]
LED_Init                0x080003f9  0x4c  Code  Gb  led.o [1]
MemManage_Handler       0x08000555   0x2  Code  Gb  stm32f10x_it.o [1]
NMI_Handler             0x08000551   0x2  Code  Gb  stm32f10x_it.o [1]
PendSV_Handler          0x0800055f   0x2  Code  Gb  stm32f10x_it.o [1]
RCC_APB2PeriphClockCmd  0x08000445  0x20  Code  Gb  stm32f10x_rcc.o [1]
Region$$Table$$Base     0x080004f8         --   Gb  - Linker created -
Region$$Table$$Limit    0x0800050c         --   Gb  - Linker created -
SVC_Handler             0x0800055b   0x2  Code  Gb  stm32f10x_it.o [1]
SetSysClock             0x08000185   0x8  Code  Lc  system_stm32f10x.o [1]
SetSysClockTo72         0x0800018d  0xe0  Code  Lc  system_stm32f10x.o [1]
SysTick_CLKSourceConfig
                        0x080003d5  0x20  Code  Gb  misc.o [1]
SysTick_Handler         0x08000561   0x2  Code  Gb  stm32f10x_it.o [1]
SystemCoreClock         0x20000000   0x4  Data  Gb  system_stm32f10x.o [1]
SystemInit              0x08000131  0x54  Code  Gb  system_stm32f10x.o [1]
UsageFault_Handler      0x08000559   0x2  Code  Gb  stm32f10x_it.o [1]
__cmain                 0x0800050d        Code  Gb  cmain.o [4]
__exit                  0x0800053d  0x14  Code  Gb  exit.o [5]
__iar_copy_init3        0x080004a5  0x2c  Code  Gb  copy_init3.o [4]
__iar_data_init3        0x080004d1  0x28  Code  Gb  data_init.o [4]
__iar_program_start     0x08000575        Code  Gb  cstartup_M.o [4]
__low_level_init        0x08000527   0x4  Code  Gb  low_level_init.o [3]
__vector_table          0x08000000        Data  Gb  startup_stm32f10x_hd.o [1]
_call_main              0x08000519        Code  Gb  cmain.o [4]
_exit                   0x08000531        Code  Gb  cexit.o [4]
_main                   0x08000523        Code  Gb  cmain.o [4]
delay_init              0x08000351  0x28  Code  Gb  delay.o [1]
delay_ms                0x08000379  0x3e  Code  Gb  delay.o [1]
exit                    0x0800052b   0x4  Code  Gb  exit.o [3]
fac_ms                  0x20000004   0x2  Data  Lc  delay.o [1]
fac_us                  0x20000006   0x1  Data  Lc  delay.o [1]
main                    0x08000469  0x3c  Code  Gb  main.o [1]


[1] = C:\Users\Administrator\Desktop\IAR\IAR-STM32\FWLIB\Debug\Obj
[2] = command line
[3] = dl7M_tln.a
[4] = rt7M_tl.a
[5] = shb_l.a

  1 664 bytes of readonly  code memory
     28 bytes of readonly  data memory
  1 031 bytes of readwrite data memory

Errors: none
Warnings: none
